Cookie name=Cookie value; expires=Thu, 01 Feb 2018 12:00:00 GMT; path=/test; domain=www.mwtestconsultancy.co.uk
