Cookie name=Cookie value;Path=/;Expires=01/02/18 00:00
