Cookie name=Cookie value;Path=/test;Domain=www.mwtestconsultancy.co.uk;Secure;HttpOnly
